MPLINK 5.08, LINKER
Linker Map File - Created Sun May 06 21:23:10 2018

                                 Section Info
                  Section       Type    Address   Location Size(Bytes)
                ---------  ---------  ---------  ---------  ---------
                 RES_VECT       code   0x000000    program   0x000002
                   .cinit    romdata   0x000001    program   0x000004
                MAIN_PROG       code   0x000003    program   0x000130
.config_8007_BUILD/DEFAULT/DEBUG/TESTZ209HARD       code   0x008007    program   0x000002
.config_8008_BUILD/DEFAULT/DEBUG/TESTZ209HARD       code   0x008008    program   0x000002
.config_8009_BUILD/DEFAULT/DEBUG/TESTZ209HARD       code   0x008009    program   0x000002
.config_800A_BUILD/DEFAULT/DEBUG/TESTZ209HARD       code   0x00800a    program   0x000002
.config_800B_BUILD/DEFAULT/DEBUG/TESTZ209HARD       code   0x00800b    program   0x000002



                              Program Memory Usage 
                               Start         End      
                           ---------   ---------      
                            0x000000    0x00009a      
                            0x008007    0x00800b      
            160 out of 8458 program addresses used, program memory utilization is 1%



                              Symbols - Sorted by Name
                     Name    Address   Location    Storage File                     
                ---------  ---------  ---------  --------- ---------                
                 Continue   0x000010    program     static C:\Users\OZHall\MPLABXProjects\TestZ209Hardware.X\TestZ209Hardware.asm
                Delay25us   0x000095    program     static C:\Users\OZHall\MPLABXProjects\TestZ209Hardware.X\TestZ209Hardware.asm
                  Delay_0   0x000097    program     static C:\Users\OZHall\MPLABXProjects\TestZ209Hardware.X\TestZ209Hardware.asm
            IncrementDone   0x00000c    program     static C:\Users\OZHall\MPLABXProjects\TestZ209Hardware.X\TestZ209Hardware.asm
                 Init_Osc   0x000083    program     static C:\Users\OZHall\MPLABXProjects\TestZ209Hardware.X\TestZ209Hardware.asm
               Init_Ports   0x000034    program     static C:\Users\OZHall\MPLABXProjects\TestZ209Hardware.X\TestZ209Hardware.asm
                Init_SPI2   0x00007b    program     static C:\Users\OZHall\MPLABXProjects\TestZ209Hardware.X\TestZ209Hardware.asm
                   Is_Off   0x000030    program     static C:\Users\OZHall\MPLABXProjects\TestZ209Hardware.X\TestZ209Hardware.asm
                    Is_On   0x000032    program     static C:\Users\OZHall\MPLABXProjects\TestZ209Hardware.X\TestZ209Hardware.asm
               Long_Delay   0x00008f    program     static C:\Users\OZHall\MPLABXProjects\TestZ209Hardware.X\TestZ209Hardware.asm
                 MainLoop   0x000007    program     static C:\Users\OZHall\MPLABXProjects\TestZ209Hardware.X\TestZ209Hardware.asm
               Output2DAC   0x000015    program     static C:\Users\OZHall\MPLABXProjects\TestZ209Hardware.X\TestZ209Hardware.asm
                    START   0x000003    program     static C:\Users\OZHall\MPLABXProjects\TestZ209Hardware.X\TestZ209Hardware.asm
               Toggle_LED   0x00002d    program     static C:\Users\OZHall\MPLABXProjects\TestZ209Hardware.X\TestZ209Hardware.asm
          WriteByteHiWait   0x000022    program     static C:\Users\OZHall\MPLABXProjects\TestZ209Hardware.X\TestZ209Hardware.asm
          WriteByteLoWait   0x000027    program     static C:\Users\OZHall\MPLABXProjects\TestZ209Hardware.X\TestZ209Hardware.asm
                innerLoop   0x000091    program     static C:\Users\OZHall\MPLABXProjects\TestZ209Hardware.X\TestZ209Hardware.asm



                              Symbols - Sorted by Address
                     Name    Address   Location    Storage File                     
                ---------  ---------  ---------  --------- ---------                
                    START   0x000003    program     static C:\Users\OZHall\MPLABXProjects\TestZ209Hardware.X\TestZ209Hardware.asm
                 MainLoop   0x000007    program     static C:\Users\OZHall\MPLABXProjects\TestZ209Hardware.X\TestZ209Hardware.asm
            IncrementDone   0x00000c    program     static C:\Users\OZHall\MPLABXProjects\TestZ209Hardware.X\TestZ209Hardware.asm
                 Continue   0x000010    program     static C:\Users\OZHall\MPLABXProjects\TestZ209Hardware.X\TestZ209Hardware.asm
               Output2DAC   0x000015    program     static C:\Users\OZHall\MPLABXProjects\TestZ209Hardware.X\TestZ209Hardware.asm
          WriteByteHiWait   0x000022    program     static C:\Users\OZHall\MPLABXProjects\TestZ209Hardware.X\TestZ209Hardware.asm
          WriteByteLoWait   0x000027    program     static C:\Users\OZHall\MPLABXProjects\TestZ209Hardware.X\TestZ209Hardware.asm
               Toggle_LED   0x00002d    program     static C:\Users\OZHall\MPLABXProjects\TestZ209Hardware.X\TestZ209Hardware.asm
                   Is_Off   0x000030    program     static C:\Users\OZHall\MPLABXProjects\TestZ209Hardware.X\TestZ209Hardware.asm
                    Is_On   0x000032    program     static C:\Users\OZHall\MPLABXProjects\TestZ209Hardware.X\TestZ209Hardware.asm
               Init_Ports   0x000034    program     static C:\Users\OZHall\MPLABXProjects\TestZ209Hardware.X\TestZ209Hardware.asm
                Init_SPI2   0x00007b    program     static C:\Users\OZHall\MPLABXProjects\TestZ209Hardware.X\TestZ209Hardware.asm
                 Init_Osc   0x000083    program     static C:\Users\OZHall\MPLABXProjects\TestZ209Hardware.X\TestZ209Hardware.asm
               Long_Delay   0x00008f    program     static C:\Users\OZHall\MPLABXProjects\TestZ209Hardware.X\TestZ209Hardware.asm
                innerLoop   0x000091    program     static C:\Users\OZHall\MPLABXProjects\TestZ209Hardware.X\TestZ209Hardware.asm
                Delay25us   0x000095    program     static C:\Users\OZHall\MPLABXProjects\TestZ209Hardware.X\TestZ209Hardware.asm
                  Delay_0   0x000097    program     static C:\Users\OZHall\MPLABXProjects\TestZ209Hardware.X\TestZ209Hardware.asm


